[INFO] Patch application started at Sat Jun 21 12:53:38 PKT 2025
[INFO] Using patches from: ../patches
[INFO] Git repo already initialized.
[*] Applying patch: android_backport.patch
patching file 'drivers/staging/android/Kconfig'
patching file 'drivers/staging/android/Makefile'
patching file 'drivers/staging/android/TODO'
patching file 'drivers/staging/android/alarm-dev.c'
patching file 'drivers/staging/android/android_alarm.h'
patching file 'drivers/staging/android/aosp_ion/Makefile'
patching file 'drivers/staging/android/aosp_ion/ion-ioctl.c'
patching file 'drivers/staging/android/aosp_ion/ion.c'
patching file 'drivers/staging/android/aosp_ion/ion.h'
patching file 'drivers/staging/android/aosp_ion/ion_carveout_heap.c'
patching file 'drivers/staging/android/aosp_ion/ion_chunk_heap.c'
patching file 'drivers/staging/android/aosp_ion/ion_cma_heap.c'
patching file 'drivers/staging/android/aosp_ion/ion_heap.c'
patching file 'drivers/staging/android/aosp_ion/ion_page_pool.c'
patching file 'drivers/staging/android/aosp_ion/ion_system_heap.c'
patching file 'drivers/staging/android/aosp_ion/ion_trace.h'
patching file 'drivers/staging/android/aosp_ion/mtk_ion.c'
patching file 'drivers/staging/android/aosp_ion/mtk_ion.h'
patching file 'drivers/staging/android/aosp_ion/mtk_ion_secure_heap.c'
patching file 'drivers/staging/android/ashmem.c'
patching file 'drivers/staging/android/ashmem.h'
patching file 'drivers/staging/android/debug_kinfo.c'
patching file 'drivers/staging/android/debug_kinfo.h'
patching file 'drivers/staging/android/ion/Kconfig'
patching file 'drivers/staging/android/ion/Makefile'
patching file 'drivers/staging/android/ion/compat_ion.c'
patching file 'drivers/staging/android/ion/compat_ion.h'
patching file 'drivers/staging/android/ion/devicetree.txt'
patching file 'drivers/staging/android/ion/hisilicon/Kconfig'
patching file 'drivers/staging/android/ion/hisilicon/Makefile'
patching file 'drivers/staging/android/ion/hisilicon/hi6220_ion.c'
patching file 'drivers/staging/android/ion/ion-ioctl.c'
patching file 'drivers/staging/android/ion/ion.c'
patching file 'drivers/staging/android/ion/ion.h'
patching file 'drivers/staging/android/ion/ion_carveout_heap.c'
patching file 'drivers/staging/android/ion/ion_chunk_heap.c'
patching file 'drivers/staging/android/ion/ion_cma_heap.c'
patching file 'drivers/staging/android/ion/ion_dummy_driver.c'
patching file 'drivers/staging/android/ion/ion_heap.c'
patching file 'drivers/staging/android/ion/ion_of.c'
patching file 'drivers/staging/android/ion/ion_of.h'
patching file 'drivers/staging/android/ion/ion_page_pool.c'
patching file 'drivers/staging/android/ion/ion_priv.h'
patching file 'drivers/staging/android/ion/ion_system_heap.c'
patching file 'drivers/staging/android/ion/ion_test.c'
patching file 'drivers/staging/android/ion/ion_trace.h'
patching file 'drivers/staging/android/ion/mtk/Kconfig'
patching file 'drivers/staging/android/ion/mtk/Makefile'
patching file 'drivers/staging/android/ion/mtk/ion_comm.c'
patching file 'drivers/staging/android/ion/mtk/ion_drv.c'
patching file 'drivers/staging/android/ion/mtk/ion_drv.h'
patching file 'drivers/staging/android/ion/mtk/ion_drv_priv.h'
patching file 'drivers/staging/android/ion/mtk/ion_fb_heap.c'
patching file 'drivers/staging/android/ion/mtk/ion_fb_heap.h'
patching file 'drivers/staging/android/ion/mtk/ion_history.c'
patching file 'drivers/staging/android/ion/mtk/ion_mm_heap.c'
patching file 'drivers/staging/android/ion/mtk/ion_profile.c'
patching file 'drivers/staging/android/ion/mtk/ion_profile.h'
patching file 'drivers/staging/android/ion/mtk/ion_sec_heap.c'
patching file 'drivers/staging/android/ion/mtk/ion_sec_heap.h'
patching file 'drivers/staging/android/ion/mtk/mtk_ion.h'
patching file 'drivers/staging/android/ion/tegra/Makefile'
patching file 'drivers/staging/android/ion/tegra/tegra_ion.c'
patching file 'drivers/staging/android/mtk_ion/Makefile'
patching file 'drivers/staging/android/mtk_ion/compat_ion.c'
patching file 'drivers/staging/android/mtk_ion/compat_ion.h'
patching file 'drivers/staging/android/mtk_ion/devicetree.txt'
patching file 'drivers/staging/android/mtk_ion/ion-ioctl.c'
patching file 'drivers/staging/android/mtk_ion/ion.c'
patching file 'drivers/staging/android/mtk_ion/ion.h'
patching file 'drivers/staging/android/mtk_ion/ion_carveout_heap.c'
patching file 'drivers/staging/android/mtk_ion/ion_chunk_heap.c'
patching file 'drivers/staging/android/mtk_ion/ion_cma_heap.c'
patching file 'drivers/staging/android/mtk_ion/ion_dummy_driver.c'
patching file 'drivers/staging/android/mtk_ion/ion_heap.c'
patching file 'drivers/staging/android/mtk_ion/ion_of.c'
patching file 'drivers/staging/android/mtk_ion/ion_of.h'
patching file 'drivers/staging/android/mtk_ion/ion_page_pool.c'
patching file 'drivers/staging/android/mtk_ion/ion_priv.h'
patching file 'drivers/staging/android/mtk_ion/ion_system_heap.c'
patching file 'drivers/staging/android/mtk_ion/ion_test.c'
patching file 'drivers/staging/android/mtk_ion/mtk/Makefile'
patching file 'drivers/staging/android/mtk_ion/mtk/ion_comm.c'
patching file 'drivers/staging/android/mtk_ion/mtk/ion_drv.c'
patching file 'drivers/staging/android/mtk_ion/mtk/ion_drv.h'
patching file 'drivers/staging/android/mtk_ion/mtk/ion_drv_priv.h'
patching file 'drivers/staging/android/mtk_ion/mtk/ion_fb_heap.c'
patching file 'drivers/staging/android/mtk_ion/mtk/ion_fb_heap.h'
patching file 'drivers/staging/android/mtk_ion/mtk/ion_history.c'
patching file 'drivers/staging/android/mtk_ion/mtk/ion_mm_heap.c'
patching file 'drivers/staging/android/mtk_ion/mtk/ion_profile.c'
patching file 'drivers/staging/android/mtk_ion/mtk/ion_profile.h'
patching file 'drivers/staging/android/mtk_ion/mtk/ion_sec_heap.c'
patching file 'drivers/staging/android/mtk_ion/mtk/ion_sec_heap.h'
patching file 'drivers/staging/android/mtk_ion/mtk/mtk_ion.h'
patching file 'drivers/staging/android/uapi/aosp_ion/ion.h'
patching file 'drivers/staging/android/uapi/ashmem.h'
patching file 'drivers/staging/android/uapi/ion.h'
patching file 'drivers/staging/android/uapi/ion_test.h'
patching file 'drivers/staging/android/uapi/mtk_ion/ion.h'
patching file 'drivers/staging/android/uapi/vsoc_shm.h'
patching file 'drivers/staging/android/vsoc.c'
[✓] Applied: android_backport.patch
